// Jest Snapshot v1, https://goo.gl/fbAQLP

exports[`test snapshot 1`] = `
<div
  id="view-students-projects"
>
  <div
    id="view-students-projects-container"
  >
    <h1>
      Student Website Projects
    </h1>
    <p>
      As the final project of our Website Development Program, students create a personal website using the skills they've learned from our sessions. These websites can be for personal portfolios and hobbies or even for their school clubs.
    </p>
    <div
      className="section"
    >
      <h3>
        Summer 2019
      </h3>
      <ul>
        <li>
          <div
            className="project-card"
          >
            <div
              className="img-container"
            >
              <div
                className="overlay"
              />
              <h4>
                Coming Soon
              </h4>
              <img
                src="test-file-stub"
              />
            </div>
            <div
              className="info"
            >
              <h4>
                Jessica
              </h4>
              <h4>
                Personal Portfolio
              </h4>
              <div>
                Montgomery Blair H.S.
                , 
                12th Grade
              </div>
            </div>
          </div>
        </li>
        <li>
          <div
            className="project-card"
          >
            <div
              className="img-container"
            >
              <div
                className="overlay"
              />
              <h4>
                Coming Soon
              </h4>
              <img
                src="test-file-stub"
              />
            </div>
            <div
              className="info"
            >
              <h4>
                Daniel
              </h4>
              <h4>
                Alpha Sirius
              </h4>
              <div>
                Thomas Wootton H.S.
                , 
                10th Grade
              </div>
            </div>
          </div>
        </li>
        <li>
          <div
            className="project-card"
          >
            <div
              className="img-container"
            >
              <div
                className="overlay"
              />
              <h4>
                Coming Soon
              </h4>
              <img
                src="test-file-stub"
              />
            </div>
            <div
              className="info"
            >
              <h4>
                Richard
              </h4>
              <h4>
                Whitman Math Team
              </h4>
              <div>
                Walt Whitman H.S.
                , 
                12th Grade
              </div>
            </div>
          </div>
        </li>
        <li>
          <div
            className="project-card"
          >
            <div
              className="img-container"
            >
              <div
                className="overlay"
              />
              <h4>
                Coming Soon
              </h4>
              <img
                src="test-file-stub"
              />
            </div>
            <div
              className="info"
            >
              <h4>
                Aries
              </h4>
              <h4>
                Military Planes
              </h4>
              <div>
                Richard Montgomery H.S.
                , 
                11th Grade
              </div>
            </div>
          </div>
        </li>
        <li>
          <div
            className="project-card"
          >
            <div
              className="img-container"
            >
              <div
                className="overlay"
              />
              <h4>
                Coming Soon
              </h4>
              <img
                src="test-file-stub"
              />
            </div>
            <div
              className="info"
            >
              <h4>
                Noah
              </h4>
              <h4>
                Personal Portfolio
              </h4>
              <div>
                Clarksburg H.S.
                , 
                9th Grade
              </div>
            </div>
          </div>
        </li>
        <li>
          <div
            className="project-card"
          >
            <div
              className="img-container"
            >
              <div
                className="overlay"
              />
              <h4>
                Coming Soon
              </h4>
              <img
                src="test-file-stub"
              />
            </div>
            <div
              className="info"
            >
              <h4>
                Sean
              </h4>
              <h4>
                German Jet Fighters
              </h4>
              <div>
                Takoma Park M.S.
                , 
                8th Grade
              </div>
            </div>
          </div>
        </li>
      </ul>
    </div>
  </div>
</div>
`;
