// Jest Snapshot v1, https://goo.gl/fbAQLP

exports[`test snapshot 1`] = `
<div
  id="view-header"
>
  <div
    id="view-header-container"
  >
    <a
      href="/"
      id="header-logo"
    >
      <img
        src="test-file-stub"
      />
      <h1
        className="logo"
      />
    </a>
    <ul
      className="header-menu-wide"
    >
      <div
        className="menu-link-container"
      >
        <a
          className="active"
          href="#/"
          onClick={[Function]}
        >
          Home
        </a>
      </div>
      <div
        className="sub-menu"
      >
        <div
          className="menu-link-container"
        >
          <a
            className=""
            href="#/programs"
            onClick={[Function]}
          >
            Programs
          </a>
        </div>
        <ul>
          <li>
            <a
              className=""
              href="#/programs"
              onClick={[Function]}
            >
              Catalog
            </a>
          </li>
          <li>
            <a
              className=""
              href="#/announcements"
              onClick={[Function]}
            >
              Announcements
            </a>
          </li>
          <li>
            <a
              className=""
              href="#/ask-for-help"
              onClick={[Function]}
            >
              Ask For Help
            </a>
          </li>
        </ul>
      </div>
      <div
        className="sub-menu"
      >
        <div
          className="menu-link-container"
        >
          <a
            className=""
            href="#/student-achievements"
            onClick={[Function]}
          >
            Accomplishments
          </a>
        </div>
        <ul>
          <li>
            <a
              className=""
              href="#/student-achievements"
              onClick={[Function]}
            >
              Student Achievements
            </a>
          </li>
          <li>
            <a
              className=""
              href="#/internship"
              onClick={[Function]}
            >
              Internships
            </a>
          </li>
        </ul>
      </div>
      <div
        className="menu-link-container"
      >
        <a
          className=""
          href="#/register"
          onClick={[Function]}
        >
          Register
        </a>
      </div>
    </ul>
    <div>
      <div
        className="header-menu-slim"
      >
        <button
          className="header-menu-btn"
          onClick={[Function]}
        >
          Menu
        </button>
      </div>
      <div
        className="header-slim-overlay-container"
      >
        <div
          className="header-slim-overlay"
        />
        <div
          className="header-slim-content"
        >
          <h1>
            Menu
          </h1>
          <button
            onClick={[Function]}
          >
            <img
              src="test-file-stub"
            />
          </button>
          <div
            className="link-row"
          >
            <a
              className="active"
              href="#/"
              onClick={[Function]}
            >
              Home
            </a>
          </div>
          <div
            className="submenu"
          >
            <div
              className="submenu-head"
              onClick={[Function]}
            >
              Programs
              <img
                src="test-file-stub"
              />
            </div>
            <ul>
              <li>
                <div
                  className="link-row"
                >
                  <a
                    className=""
                    href="#/programs"
                    onClick={[Function]}
                  >
                    Catalog
                  </a>
                </div>
              </li>
              <li>
                <div
                  className="link-row"
                >
                  <a
                    className=""
                    href="#/announcements"
                    onClick={[Function]}
                  >
                    Announcements
                  </a>
                </div>
              </li>
              <li>
                <div
                  className="link-row"
                >
                  <a
                    className=""
                    href="#/ask-for-help"
                    onClick={[Function]}
                  >
                    Ask For Help
                  </a>
                </div>
              </li>
            </ul>
          </div>
          <div
            className="submenu"
          >
            <div
              className="submenu-head"
              onClick={[Function]}
            >
              Accomplishments
              <img
                src="test-file-stub"
              />
            </div>
            <ul>
              <li>
                <div
                  className="link-row"
                >
                  <a
                    className=""
                    href="#/student-achievements"
                    onClick={[Function]}
                  >
                    Student Achievements
                  </a>
                </div>
              </li>
              <li>
                <div
                  className="link-row"
                >
                  <a
                    className=""
                    href="#/internship"
                    onClick={[Function]}
                  >
                    Internships
                  </a>
                </div>
              </li>
            </ul>
          </div>
          <div
            className="link-row"
          >
            <a
              className=""
              href="#/register"
              onClick={[Function]}
            >
              Register
            </a>
          </div>
        </div>
      </div>
    </div>
  </div>
</div>
`;
