// Jest Snapshot v1, https://goo.gl/fbAQLP

exports[`test snapshot 1`] = `
<div
  id="view-home"
>
  <div
    id="view-home-container"
  >
    <div
      id="home-banner-container"
    >
      <div
        id="banner-bg-img"
      />
      <div
        id="banner-bg-overlay"
      />
      <div
        id="banner-content"
      >
        <h2>
          Montgomery County, MD
        </h2>
        <h1>
          Providing affordable, high quality education
          <br />
          to thousands of students for 15 years.
        </h1>
      </div>
      <a
        href="#/programs"
        onClick={[Function]}
      >
        <button>
          Join a Program today
        </button>
      </a>
    </div>
    <div
      className="section programs"
    >
      <h2>
        Programs
      </h2>
      <div
        className="card-container"
      >
        <div
          className="home-tile-card program"
        >
          <div
            className="img-container"
          >
            <img
              src="test-file-stub"
            />
          </div>
          <h3>
            SAT
          </h3>
          <p>
            Our most popular programs. We provide dedicated programs for both the SAT1 Math Section and SAT Subject Test (Math Level 2).
          </p>
          <a
            href="#/programs"
            onClick={[Function]}
          >
            <button
              className="inverted"
            >
              Sign Up
            </button>
          </a>
        </div>
        <div
          className="home-tile-card program"
        >
          <div
            className="img-container"
          >
            <img
              src="test-file-stub"
            />
          </div>
          <h3>
            AP Calculus
          </h3>
          <p>
            Get college credits early by acing the AP Calculus Exams. This program is dedicated to both Calculus AB and BC students.
          </p>
          <a
            href="#/programs"
            onClick={[Function]}
          >
            <button
              className="inverted"
            >
              Sign Up
            </button>
          </a>
        </div>
        <div
          className="home-tile-card program"
        >
          <div
            className="img-container"
          >
            <img
              src="test-file-stub"
            />
          </div>
          <h3>
            AMC
          </h3>
          <p>
            The American Mathematics Competition administered by the Mathematics Association of America. Represent your school and compete with other mathematics athletes.
          </p>
          <a
            href="#/programs"
            onClick={[Function]}
          >
            <button
              className="inverted"
            >
              Sign Up
            </button>
          </a>
        </div>
      </div>
      <div>
        <a
          href="#/programs"
          onClick={[Function]}
        >
          <button>
            View More Programs
          </button>
        </a>
      </div>
    </div>
    <div
      className="section success"
    >
      <h2>
        Navigate to Success
      </h2>
      <div
        className="card-container"
      >
        <div
          className="home-tile-card success"
        >
          <div
            className="img-container"
          >
            <img
              src="test-file-stub"
            />
          </div>
          <h3>
            Dedicated Professionalism
          </h3>
          <p>
            We dedicate time to each individual student and provide plans to improve topics they may need more help in.
          </p>
        </div>
        <div
          className="home-tile-card success"
        >
          <div
            className="img-container"
          >
            <img
              src="test-file-stub"
            />
          </div>
          <h3>
            Strategical Thinking
          </h3>
          <p>
            We want our students to work smart, not just hard. With Andy's problem solving strategies, students will learn how to tackle any problem.
          </p>
        </div>
        <div
          className="home-tile-card success"
        >
          <div
            className="img-container"
          >
            <img
              src="test-file-stub"
            />
          </div>
          <h3>
            Abundant Resources
          </h3>
          <p>
            Andy makes all of the teaching material. With our huge collection of resources, students will be over-prepared for their next exams.
          </p>
        </div>
      </div>
    </div>
    <div
      className="section stories"
    >
      <div
        className="story-banner-container"
      >
        <div
          className="story-banner-overlay"
        />
        <div
          className="story-banner-img"
        />
        <div
          className="text-container"
        >
          <h2>
            Succeeding Together
          </h2>
          <a
            href="#/student-achievements"
            onClick={[Function]}
          >
            <button>
              View our Student Achievements
            </button>
          </a>
        </div>
      </div>
    </div>
  </div>
</div>
`;
