// Jest Snapshot v1, https://goo.gl/fbAQLP

exports[`test snapshot 1`] = `
<div
  id="view-home"
>
  <div
    id="view-home-container"
  >
    <div
      id="home-banner-container"
    >
      <div
        id="banner-bg-img"
      />
      <div
        id="banner-bg-overlay"
      />
      <div
        id="banner-content"
      >
        <div
          className="texts"
        >
          <h1>
            Navigate to success with Math Navigator
          </h1>
          <p>
            Providing affordable, high quality education
            <br />
            to thousands of students for 15 years.
          </p>
          <p>
            Montgomery County, MD
          </p>
        </div>
        <div
          className="buttons"
        >
          <a
            href="#/register"
            onClick={[Function]}
          >
            <button
              className="enroll"
            >
              Enroll into a Class
            </button>
          </a>
          <a
            href="#/programs"
            onClick={[Function]}
          >
            <button
              className="browse"
            >
              Browse Program Catalog
            </button>
          </a>
        </div>
      </div>
    </div>
    <div
      className="section programs"
    >
      <h2>
        Our Featured Programs
      </h2>
      <div
        className="card-container"
      >
        <div
          className="card"
        >
          <div
            className="img-container"
          >
            <img
              src="http://d2dwqi4dzedhxu.cloudfront.net/images/cb_sat.jpg"
            />
          </div>
          <h3>
            SAT 1 & 2
          </h3>
          <p>
            Our most popular programs. We provide dedicated courses for both the SAT1 Math Section and SAT Subject Test (Math Level 2).
          </p>
          <a
            href="#/programs"
            onClick={[Function]}
          >
            <button>
              Enroll Now
            </button>
          </a>
        </div>
        <div
          className="card"
        >
          <div
            className="img-container"
          >
            <img
              src="http://d2dwqi4dzedhxu.cloudfront.net/images/ap_calc.jpg"
            />
          </div>
          <h3>
            AP Calculus
          </h3>
          <p>
            Get college credits early by acing the AP Calculus Exams. This program is dedicated to both Calculus AB and BC students.
          </p>
          <a
            href="#/programs"
            onClick={[Function]}
          >
            <button>
              Enroll Now
            </button>
          </a>
        </div>
        <div
          className="card"
        >
          <div
            className="img-container"
          >
            <img
              src="http://d2dwqi4dzedhxu.cloudfront.net/images/amc.jpg"
            />
          </div>
          <h3>
            AMC
          </h3>
          <p>
            Administered by the Mathematics Association of America. Represent your school and compete with other mathematics athletes.
          </p>
          <a
            href="#/programs"
            onClick={[Function]}
          >
            <button>
              Enroll Now
            </button>
          </a>
        </div>
      </div>
      <a
        className="link-bar"
        href="#/programs"
        onClick={[Function]}
      >
        Visit our 
        <b>
          Program Catalog
        </b>
         to view more programs to enroll into.
      </a>
    </div>
    <div
      className="section strategy"
    >
      <h2>
        Navigate to Success
      </h2>
      <div
        className="card-container"
      >
        <div
          className="card"
        >
          <div
            className="img-container"
          >
            <img
              src="test-file-stub"
            />
          </div>
          <h3>
            Dedicated Attention
          </h3>
          <p>
            We dedicate time to each individual student and provide plans to improve their understanding of topics.
          </p>
        </div>
        <div
          className="card"
        >
          <div
            className="img-container"
          >
            <img
              src="test-file-stub"
            />
          </div>
          <h3>
            Strategic Thinking
          </h3>
          <p>
            We want our students to work smart, not just hard. With Andy's problem solving strategies, students will learn how to tackle any problem.
          </p>
        </div>
        <div
          className="card"
        >
          <div
            className="img-container"
          >
            <img
              src="test-file-stub"
            />
          </div>
          <h3>
            Abundant Resources
          </h3>
          <p>
            Andy makes all of the teaching material. With our huge collection of resources, students will go into their exams full of confidence.
          </p>
        </div>
      </div>
    </div>
    <div
      className="section online"
    >
      <h2>
        Our Online-only Solution
      </h2>
      <div
        className="content"
      >
        <img
          src="http://d2dwqi4dzedhxu.cloudfront.net/images/zoom_classroom.jpg"
        />
        <p>
          With the impact of Covid-19 and the community mandate to practice safe social distancing, all Math Navigator courses have been moved online!
          <br />
          <br />
          Using Google Classroom to manage classwork and Zoom video conferencing, teachers and students can discuss and share materials with ease. Despite the inconvenience of schools and community centers closing down, we are still dedicated to providing students with superior education.
        </p>
      </div>
    </div>
    <div
      className="section home-footer"
    >
      <div
        className="content"
      >
        <h1>
          Try your first class with Math Navigator today!
        </h1>
        <a
          href="#/register"
          onClick={[Function]}
        >
          <button>
            Get Started
          </button>
        </a>
      </div>
    </div>
    <div />
  </div>
</div>
`;
